// Jest Snapshot v1, https://goo.gl/fbAQLP

exports[`renders homepage unchanged 1`] = `
<div>
  <main
    class="css-1m17p3h"
  >
    <div
      class="css-x6yts2"
    >
      AD
    </div>
    <div
      class="css-11lyg64"
    >
      <a
        href="mailto:ahmeddregia@gmail.com"
        target="_blank"
      >
        <button
          class="MuiIconButton-root MuiIconButton-variantPlain MuiIconButton-colorNeutral MuiIconButton-sizeSm css-1j0ix75-JoyIconButton-root"
          name="Email"
          type="button"
        >
          <img
            alt="Email"
            class="css-13pfr52"
            data-nimg="1"
            decoding="async"
            height="20"
            src="/resources/icons/email.svg"
            style="color: transparent;"
            width="20"
          />
        </button>
      </a>
      <a
        href="https://drive.google.com/file/d/1a9PjCvvGnorZa2WfJG5clwqjXP-jOfVK/view?usp=sharing"
        target="_blank"
      >
        <button
          class="MuiIconButton-root MuiIconButton-variantPlain MuiIconButton-colorNeutral MuiIconButton-sizeSm css-1j0ix75-JoyIconButton-root"
          name="Resumé"
          type="button"
        >
          <img
            alt="Resumé"
            class="css-13pfr52"
            data-nimg="1"
            decoding="async"
            height="20"
            src="/resources/icons/document.svg"
            style="color: transparent;"
            width="20"
          />
        </button>
      </a>
      <a
        href="tel:+1-949-648-6227"
        target="_blank"
      >
        <button
          class="MuiIconButton-root MuiIconButton-variantPlain MuiIconButton-colorNeutral MuiIconButton-sizeSm css-1j0ix75-JoyIconButton-root"
          name="Phone"
          type="button"
        >
          <img
            alt="Phone"
            class="css-13pfr52"
            data-nimg="1"
            decoding="async"
            height="20"
            src="/resources/icons/phone.svg"
            style="color: transparent;"
            width="20"
          />
        </button>
      </a>
      <a
        href="https://www.linkedin.com/in/ahmed-dregia"
        target="_blank"
      >
        <button
          class="MuiIconButton-root MuiIconButton-variantPlain MuiIconButton-colorNeutral MuiIconButton-sizeSm css-1j0ix75-JoyIconButton-root"
          name="LinkedIn"
          type="button"
        >
          <img
            alt="LinkedIn"
            class="css-13pfr52"
            data-nimg="1"
            decoding="async"
            height="20"
            src="/resources/icons/linkedin.svg"
            style="color: transparent;"
            width="20"
          />
        </button>
      </a>
      <a
        href="https://www.hoist.news/"
        target="_blank"
      >
        <button
          class="MuiIconButton-root MuiIconButton-variantPlain MuiIconButton-colorNeutral MuiIconButton-sizeSm css-1j0ix75-JoyIconButton-root"
          name="Hoist"
          type="button"
        >
          <img
            alt="Hoist"
            class="css-13pfr52"
            data-nimg="1"
            decoding="async"
            height="20"
            src="/resources/icons/hoist.svg"
            style="color: transparent;"
            width="20"
          />
        </button>
      </a>
      <a
        href="https://www.instagram.com/adregia"
        target="_blank"
      >
        <button
          class="MuiIconButton-root MuiIconButton-variantPlain MuiIconButton-colorNeutral MuiIconButton-sizeSm css-1j0ix75-JoyIconButton-root"
          name="Instagram"
          type="button"
        >
          <img
            alt="Instagram"
            class="css-13pfr52"
            data-nimg="1"
            decoding="async"
            height="20"
            src="/resources/icons/instagram.svg"
            style="color: transparent;"
            width="20"
          />
        </button>
      </a>
      <a
        href="https://www.github.com/adregia"
        target="_blank"
      >
        <button
          class="MuiIconButton-root MuiIconButton-variantPlain MuiIconButton-colorNeutral MuiIconButton-sizeSm css-1j0ix75-JoyIconButton-root"
          name="GitHub"
          type="button"
        >
          <img
            alt="GitHub"
            class="css-13pfr52"
            data-nimg="1"
            decoding="async"
            height="20"
            src="/resources/icons/github.svg"
            style="color: transparent;"
            width="20"
          />
        </button>
      </a>
    </div>
    <div
      class="css-1wuzcka"
    />
  </main>
</div>
`;
