// Jest Snapshot v1, https://goo.gl/fbAQLP

exports[`renders homepage unchanged 1`] = `
<div>
  <main
    class="main"
  >
    <div
      class="MuiCard-root MuiCard-vertical MuiCard-variantPlain MuiCard-colorNeutral MuiCard-sizeMd css-g7m8o1-JoyCard-root"
    >
      <div
        class="css-45able"
        data-first-child=""
        data-last-child=""
      >
        AD
      </div>
    </div>
  </main>
</div>
`;
